// Jest Snapshot v1, https://goo.gl/fbAQLP

exports[`should take a snapshot 1`] = `
<DocumentFragment>
  <div
    class="App--Container"
  >
    <p
      class="App--Title"
    >
      Welcome To React Boilerplate!
    </p>
    <img
      alt="React Logo"
      class="App--Image"
      src=""
    />
  </div>
</DocumentFragment>
`;
